# file opened: C:\Users\javit\Documents\boveda\Clase\ARCO\practicas\AOC_MainFolder\lab2\template_lab_2.asm
 1    0000                      DEVICE ZXSPECTRUM48
 2    0000              	SLDOPT COMMENT WPMEM, LOGPOINT, ASSERTION
 3    0000                      org $8000               ; Program is located from memory address $8000 = 32768
 4    8000
 5    8000 F3           begin:          di              ; Disable Interrupts
 6    8001 31 00 00                     ld sp,0         ; Set stack pointer to top of ram (RAMTOP)
 7    8004
 8    8004              ;-------------------------------------------------------------------------------------------------
 9    8004              ; Student Code
10    8004
11    8004              mainloop:
12    8004                  ; = $5800 + y*32 + x
13    8004                  ; b = x
14    8004                  ; c = y
15    8004                  ; hl = 5800 + c*32 + b
16    8004 1E 03            ld e, 3
17    8006 0E 03            ld c, 3
18    8008
19    8008 CD 0D 80         call XY2MEM
C:\Users\javit\Documents\boveda\Clase\ARCO\practicas\AOC_MainFolder\lab2\template_lab_2.asm(20): error: Label not found: hl
20    800B                  out (hl), $70
21    800B
22    800B
23    800B
24    800B
25    800B              ;-------------------------------------------------------------------------------------------------
26    800B 18 FE        endofcode:      jr endofcode    ; Infinite loop
27    800D
28    800D              XY2MEM:
29    800D 60 69                ld hl, bc
30    800F 29                   add hl, hl
31    8010 29                   add hl, hl
32    8011 29                   add hl, hl
33    8012 29                   add hl, hl
34    8013 29                   add hl, hl
35    8014
36    8014 19                   add hl, de
37    8015 11 00 58             ld de, $5800
38    8018
39    8018 19                   add hl, de
40    8019
41    8019 C9                   ret
42    801A
# file closed: C:\Users\javit\Documents\boveda\Clase\ARCO\practicas\AOC_MainFolder\lab2\template_lab_2.asm
