# file opened: C:\Users\javit\Documents\boveda\Clase\ARCO\practicas\AOC_MainFolder\Lab_0\Template_Lab_0.asm
 1    0000                      DEVICE ZXSPECTRUM48
 2    0000              	SLDOPT COMMENT WPMEM, LOGPOINT, ASSERTION
 3    0000                      org $8000               ; Program is located from memory address $8000 = 32768
 4    8000
 5    8000 F3           begin:          di              ; Disable Interrupts
 6    8001 31 00 00                     ld sp,0         ; Set stack pointer to top of ram (RAMTOP)
 7    8004
 8    8004              ;-------------------------------------------------------------------------------------------------
 9    8004              ; Student Code
10    8004
11    8004
12    8004
13    8004              mainloop:
14    8004 3E 01            ld a ,1 ;$3E01
15    8006 D3 FE            out($fe), a
16    8008 3E 03            ld a ,3
17    800A D3 FE            out($fe), a
18    800C 3E 02            ld a, 2
19    800E D3 FE            out($fe), a
20    8010 C3 04 80         jp mainloop
21    8013              ;-------------------------------------------------------------------------------------------------
22    8013 18 FE        endofcode:      jr endofcode    ; Infinite loop
# file closed: C:\Users\javit\Documents\boveda\Clase\ARCO\practicas\AOC_MainFolder\Lab_0\Template_Lab_0.asm
