# file opened: C:\Users\javit\Documents\boveda\Clase\ARCO\practicas\AOC_MainFolder\Lab_0\Template_Lab_0.asm
 1    0000                      DEVICE ZXSPECTRUM48
 2    0000              	SLDOPT COMMENT WPMEM, LOGPOINT, ASSERTION
 3    0000                      org $8000               ; Program is located from memory address $8000 = 32768
 4    8000
 5    8000 F3           begin:          di              ; Disable Interrupts
 6    8001 31 00 00                     ld sp,0         ; Set stack pointer to top of ram (RAMTOP)
 7    8004
 8    8004              ;-------------------------------------------------------------------------------------------------
 9    8004              ; Student Code
10    8004 3E 07                ld a, 7
11    8006              mainloop:
C:\Users\javit\Documents\boveda\Clase\ARCO\practicas\AOC_MainFolder\Lab_0\Template_Lab_0.asm(12): warning: value 0x5832 is truncated to 8bit value: 0x32
12    8006 D3 32                out ($5832), a
13    8008 28 03                jr z, endofcode
14    800A 3D                   dec a
15    800B 18 F9                jr mainloop
16    800D              ;-------------------------------------------------------------------------------------------------
17    800D 18 FE        endofcode:      jr endofcode    ; Infinite loop
18    800F
# file closed: C:\Users\javit\Documents\boveda\Clase\ARCO\practicas\AOC_MainFolder\Lab_0\Template_Lab_0.asm
