# file opened: C:\Users\javit\Documents\boveda\Clase\ARCO\practicas\AOC_MainFolder\Lab_0\Template_Lab_0.asm
 1    0000                      DEVICE ZXSPECTRUM48
 2    0000              	SLDOPT COMMENT WPMEM, LOGPOINT, ASSERTION
 3    0000                      org $8000               ; Program is located from memory address $8000 = 32768
 4    8000
 5    8000 F3           begin:          di              ; Disable Interrupts
 6    8001 31 00 00                     ld sp,0         ; Set stack pointer to top of ram (RAMTOP)
 7    8004
 8    8004              ;-------------------------------------------------------------------------------------------------
 9    8004              ; Student Code
10    8004
11    8004
12    8004
13    8004
14    8004 21 00 58             ld HL, $5800
15    8007 01 FE FB     l1:     ld BC, $FBFE
16    800A ED 78                in A,(C)
17    800C CB 5F                BIT 3, a
18    800E 20 F7                JR NZ, l1
19    8010 3E 70                ld A ,$70 ;$3E01
20    8012 77                   ld(HL), A
21    8013 23                   inc HL
22    8014 10 FE        l2: DJNZ l2
23    8016 C3 07 80             jp l1
24    8019              ;-------------------------------------------------------------------------------------------------
25    8019 18 FE        endofcode:      jr endofcode    ; Infinite loop
# file closed: C:\Users\javit\Documents\boveda\Clase\ARCO\practicas\AOC_MainFolder\Lab_0\Template_Lab_0.asm
